[2m[1m[39m# Unformatted Error Output:[0m
[2m# [0m[2mFile "tests/type_AppliedTooMany/type_AppliedTooMany_3.ml", line 11, characters 5-30:[0m
[2m# [0m[2mError: The function applied to this argument has type[0m
[2m# [0m[2m         customLogOutputProcessors:(string -> string) list ->[0m
[2m# [0m[2m         customErrorParsers:(string * string list) list -> unit[0m
[2m# [0m[2mThis argument cannot be applied with label ~raiseExceptionDuringParse[0m


[7m[1m[31m ERROR [0m [4m[36mtests/type_AppliedTooMany/type_AppliedTooMany_3.ml[0m[4m[2m[39m:11 5-30[0m [1m[31m[0m

[2m 8 â”† [0m[2m[35mlet[0m[2m[39m _ =[0m
[2m 9 â”† [0m[2m[39m  parseFromStdin[0m
[2m10 â”† [0m[2m[39m    [0m[2m[33m~refmttypePath[0m
[2m[31m11 â”† [0m[2m[39m    ~[0m[4m[1m[31mraiseExceptionDuringParse[0m[2m[39m=true[0m
[2m12 â”† [0m[2m[39m    [0m[2m[33m~customLogOutputProcessors[0m[2m[39m=[][0m
[2m13 â”† [0m[2m[39m    [0m[2m[33m~customErrorParsers[0m[2m[39m:[][0m

The function has type (
  ~customLogOutputProcessors: list(string => string),
  ~customErrorParsers: list((string, list(string)))
) =>
unit

This function doesn't accept an argument named ~raiseExceptionDuringParse.


