[2m[1m[39m# Unformatted Error Output:[0m
[2m# [0m[2mFile "tests/type_SignatureItemMismatch/type_SignatureItemMismatch_7.ml", line 7, characters 24-61:[0m
[2m# [0m[2mError: Signature mismatch:[0m
[2m# [0m[2m       Modules do not match:[0m
[2m# [0m[2m         sig val createElement : 'a -> unit end[0m
[2m# [0m[2m       is not included in[0m
[2m# [0m[2m         Sig[0m
[2m# [0m[2m       The type `missingType' is required but not provided[0m
[2m# [0m[2m       File "tests/type_SignatureItemMismatch/type_SignatureItemMismatch_7.ml", line 4, characters 2-31:[0m
[2m# [0m[2m         Expected declaration[0m


[7m[1m[31m ERROR [0m [4m[36mtests/type_SignatureItemMismatch/type_SignatureItemMismatch_7.ml[0m[4m[2m[39m:7:24-9:3[0m [1m[31m[0m

[2m 4 â”† [0m[2m[39m  [0m[2m[35mtype[0m[2m[39m 'a missingType = 'a [0m[2m[33mlist[0m
[2m 5 â”† [0m[2m[39mend[0m
[2m 6 â”† [0m
[2m[31m 7 â”† [0m[2m[35mmodule[0m[2m[39m [0m[2m[34mMyModule[0m[2m[39m : [0m[2m[34mSig[0m[2m[39m = [0m[4m[1m[31mstruct[0m
[2m[31m 8 â”† [0m  [4m[1m[31mlet createElement s = ()[0m
[2m[31m 9 â”† [0m[4m[1m[31mend[0m
[2m10 â”† [0m

[1mThis module is missing the type named[0m [1m[31mmissingType[0m

  The following signature requires that [1mmissingType[0m be defined:
  [36mtests/type_SignatureItemMismatch/type_SignatureItemMismatch_7.ml[0m[2m:4[0m


[1m[35mLearn:[0m "Signatures" are interfaces that modules may implement.
  You can indicate that a Reason file (.re) implements a signature by
  creating an "interface file" (.rei) of the same name.
  Modules nested inside of a Reason file may also opt into being checked
  against any signature using the type constraint syntax `module M : Sig = ...`


