[2m[1m[39m# Unformatted Error Output:[0m
[2m# [0m[2mFile "tests/type_SignatureItemMismatch/type_SignatureItemMismatch_6.ml", line 9, characters 24-59:[0m
[2m# [0m[2mError: Signature mismatch:[0m
[2m# [0m[2m       Modules do not match:[0m
[2m# [0m[2m         sig val hasWrongType : 'a -> int end[0m
[2m# [0m[2m       is not included in[0m
[2m# [0m[2m         Sig[0m
[2m# [0m[2m       The value `createElement2' is required but not provided[0m
[2m# [0m[2m       File "tests/type_SignatureItemMismatch/type_SignatureItemMismatch_6.ml", line 5, characters 2-36:[0m
[2m# [0m[2m         Expected declaration[0m
[2m# [0m[2m       The type `missingType' is required but not provided[0m
[2m# [0m[2m       File "tests/type_SignatureItemMismatch/type_SignatureItemMismatch_6.ml", line 4, characters 2-31:[0m
[2m# [0m[2m         Expected declaration[0m
[2m# [0m[2m       The value `createElement' is required but not provided[0m
[2m# [0m[2m       File "tests/type_SignatureItemMismatch/type_SignatureItemMismatch_6.ml", line 3, characters 2-35:[0m
[2m# [0m[2m         Expected declaration[0m


[7m[1m[31m ERROR [0m [4m[36mtests/type_SignatureItemMismatch/type_SignatureItemMismatch_6.ml[0m[4m[2m[39m:9:24-11:3[0m [1m[31m[0m

[2m 6 â”† [0m[2m[39m  val hasWrongType: [0m[2m[33mstring[0m[2m[39m -> unit[0m
[2m 7 â”† [0m[2m[39mend[0m
[2m 8 â”† [0m
[2m[31m 9 â”† [0m[2m[35mmodule[0m[2m[39m [0m[2m[34mMyModule[0m[2m[39m : [0m[2m[34mSig[0m[2m[39m = [0m[4m[1m[31mstruct[0m
[2m[31m10 â”† [0m  [4m[1m[31mlet hasWrongType s = 0[0m
[2m[31m11 â”† [0m[4m[1m[31mend[0m
[2m12 â”† [0m

[1mThis module is missing the value named[0m [1m[31mcreateElement[0m

  The following signature requires that [1mcreateElement[0m be defined:
  [36mtests/type_SignatureItemMismatch/type_SignatureItemMismatch_6.ml[0m[2m:3[0m

[1mThis module is missing the type named[0m [1m[31mmissingType[0m

  The following signature requires that [1mmissingType[0m be defined:
  [36mtests/type_SignatureItemMismatch/type_SignatureItemMismatch_6.ml[0m[2m:4[0m

[1mThis module is missing the value named[0m [1m[31mcreateElement2[0m

  The following signature requires that [1mcreateElement2[0m be defined:
  [36mtests/type_SignatureItemMismatch/type_SignatureItemMismatch_6.ml[0m[2m:5[0m


[1m[35mLearn:[0m "Signatures" are interfaces that modules may implement.
  You can indicate that a Reason file (.re) implements a signature by
  creating an "interface file" (.rei) of the same name.
  Modules nested inside of a Reason file may also opt into being checked
  against any signature using the type constraint syntax `module M : Sig = ...`


