[2m[1m[39m# Unformatted Error Output:[0m
[2m# [0m[2mFile "tests/type_UnboundRecordField/type_UnboundRecordField_1.ml", line 7, characters 2-3:[0m
[2m# [0m[2mError: Unbound record field b[0m


[7m[1m[31m ERROR [0m [4m[36mtests/type_UnboundRecordField/type_UnboundRecordField_1.ml[0m[4m[2m[39m:7 2-3[0m [1m[31m[0m

[2m4 â”† [0m
[2m5 â”† [0m[2m[35mlet[0m[2m[39m bla = {[0m
[2m6 â”† [0m[2m[39m  a = [0m[2m[34m5[0m[2m[39m;[0m
[2m[31m7 â”† [0m[2m[39m  [0m[4m[1m[31mb[0m[2m[39m = [0m[2m[34m6[0m[2m[39m;[0m
[2m8 â”† [0m[2m[39m}[0m

Record field [1m[31mb[0m can't be found in any record type.

Record fields must be "in scope". That means you need to `open TheModule` where the record type is defined.
Alternatively, instead of opening a module, you can prefix the record field name like {TheModule.x: 0, y: 100}.


