This expression has type int but an expression was expected of type
         string
[1m[31mError:[0m (from stdin - see message above)
