[2m[1m[39m# Unformatted Error Output:[0m
[2m# [0m[2mFile "tests/type_UnboundModule/type_UnboundModule_1.ml", line 1, characters 5-11:[0m
[2m# [0m[2mError: Unbound module Camlp4[0m


[7m[1m[31m ERROR [0m [4m[36mtests/type_UnboundModule/type_UnboundModule_1.ml[0m[4m[2m[39m:1 5-11[0m [1m[31m[0m

[2m[31m1 â”† [0m[2m[35mopen[0m[2m[39m [0m[4m[1m[31mCamlp4[0m[2m[39m;;[0m

Module [1m[31mCamlp4;[0m not found in included libraries.

Hint: You might need to tell your build system to depend on a library that contains Camlp4;.
You can see which libraries are available by doing `ocamlfind list` (or `esy ocamlfind list` inside your esy project)
 - For jbuilder: make sure you include the library that contains Camlp4; in your jbuild file's (libraries ...) section.
 - ocamlfind: make sure you have `-package libraryName -linkpkg` in your build command.
 - ocamlbuild: make sure you have `-pkgs libraryName` in your build command.


