[2m[1m[39m# Unformatted Error Output:[0m
[2m# [0m[2mFile "tests/type_UnboundModule/type_UnboundModule_2.ml", line 10, characters 5-63:[0m
[2m# [0m[2mError: Unbound module HelloWorld.ThisMorningIThink.IWillEatSomeDelicious.Pancaek[0m
[2m# [0m[2mHint: Did you mean Pancake?[0m


[7m[1m[31m ERROR [0m [4m[36mtests/type_UnboundModule/type_UnboundModule_2.ml[0m[4m[2m[39m:10 5-63[0m [1m[31m[0m

[2m 7 â”† [0m[2m[39m  end[0m
[2m 8 â”† [0m[2m[39mend[0m
[2m 9 â”† [0m
[2m[31m10 â”† [0m[2m[35mopen[0m[2m[39m [0m[4m[1m[31mHelloWorld.ThisMorningIThink.IWillEatSomeDelicious.Pancaek[0m

Module [1m[31mHelloWorld.ThisMorningIThink.IWillEatSomeDelicious.Pancaek;[0m not found in included libraries.

Hint: did you mean [33mPancake[0m?


