[2m[1m[39m# Unformatted Error Output:[0m
[2m# [0m[2mFile "tests/type_NotAFunction/type_NotAFunction_1.ml", line 2, characters 2-23:[0m
[2m# [0m[2mError: This expression has type[0m
[2m# [0m[2m         int list list list list list list list list list list[0m
[2m# [0m[2m       This is not a function; it cannot be applied.[0m


[7m[1m[31m ERROR [0m [4m[36mtests/type_NotAFunction/type_NotAFunction_1.ml[0m[4m[2m[39m:2 2-23[0m [1m[31m[0m

[2m1 â”† [0m[2m[35mlet[0m[2m[39m a =[0m
[2m[31m2 â”† [0m[2m[39m  [0m[4m[1m[31m[[[[[[[[[[5]]]]]]]]]][0m[2m[39m ()[0m

Perhaps you have forgoten a semicolon, or a comma somewhere.
This has type list(list(list(list(list(list(list(list(list(list(int)))))))))), but you are calling it as a function.


