[2m[1m[39m# Unformatted Error Output:[0m
[2m# [0m[2mFile "tests/type_IncompatibleType/type_IncompatibleType_3.ml", line 6, characters 8-13:[0m
[2m# [0m[2mError: This expression has type 'a array[0m
[2m# [0m[2m       but an expression was expected of type string list[0m


[7m[1m[31m ERROR [0m [4m[36mtests/type_IncompatibleType/type_IncompatibleType_3.ml[0m[4m[2m[39m:6 8-13[0m [1m[31m[0m

[2m3 â”† [0m[2m[39m}[0m
[2m4 â”† [0m
[2m5 â”† [0m[2m[35mlet[0m[2m[39m takeMeAway = {[0m
[2m[31m6 â”† [0m[2m[39m  bla = [0m[4m[1m[31m[|1|][0m[2m[39m;[0m
[2m7 â”† [0m[2m[39m}[0m

[1mThis type doesn't match what is expected.[0m

  This type: [31m[0m[1m[31marray('a[0m[31m)[0m
  Expecting: [32m[0m[1m[32mlist(string[0m[32m)[0m



