[2m[1m[39m# Unformatted Error Output:[0m
[2m# [0m[2mFile "tests/type_IncompatibleType/type_IncompatibleType_1.ml", line 1, characters 3-6:[0m
[2m# [0m[2mError: This expression has type int but an expression was expected of type[0m
[2m# [0m[2m         bool[0m


[7m[1m[31m ERROR [0m [4m[36mtests/type_IncompatibleType/type_IncompatibleType_1.ml[0m[4m[2m[39m:1 3-6[0m [1m[31m[0m

[2m[31m1 â”† [0m[2m[33mif[0m[2m[39m [0m[4m[1m[31m123[0m[2m[39m then [0m[2m[32m"asd"[0m[2m[39m [0m[2m[33melse[0m[2m[39m [0m[2m[32m"a"[0m

[1mThis type doesn't match what is expected.[0m

  This type: [31m[0m[1m[31mint[0m[31m[0m
  Expecting: [32m[0m[1m[32mbool[0m[32m[0m



