[2m[1m[39m# Unformatted Error Output:[0m
[2m# [0m[2mFile "tests/type_UnboundTypeConstructor/type_UnboundTypeConstructor_1.ml", line 2, characters 13-21:[0m
[2m# [0m[2mError: Unbound type constructor whereAmI[0m


[7m[1m[31m ERROR [0m [4m[36mtests/type_UnboundTypeConstructor/type_UnboundTypeConstructor_1.ml[0m[4m[2m[39m:2 13-21[0m [1m[31m[0m

[2m1 â”† [0m[2m[35mtype[0m[2m[39m asd =[0m
[2m[31m2 â”† [0m[2m[39m  | [0m[2m[34mHello[0m[2m[39m of [0m[4m[1m[31mwhereAmI[0m
[2m3 â”† [0m[2m[39m  | [0m[2m[34mGoodbye[0m

The type [1m[31mwhereAmI[0m can't be found.


