[2m[1m[39m# Unformatted Error Output:[0m
[2m# [0m[2mFile "tests/file_SyntaxError/file_SyntaxError_6.ml", line 2, characters 2-7:[0m
[2m# [0m[2mError: Syntax error[0m


[7m[1m[31m ERROR [0m [4m[36mtests/file_SyntaxError/file_SyntaxError_6.ml[0m[4m[2m[39m:2 2-7[0m [1m[31m[0m

[2m1 â”† [0m[2m[35mtype[0m[2m[39m fruits =[0m
[2m[31m2 â”† [0m[2m[39m| [0m[4m[1m[31mapple[0m[2m[39m of [0m[2m[33mstring[0m

This is a syntax error.

Note: the location indicated might not be accurate.


