[2m[1m[39m# Unformatted Error Output:[0m
[2m# [0m[2mFile "tests/file_SyntaxError/file_SyntaxError_1.ml", line 2, characters 11-17:[0m
[2m# [0m[2mError: Syntax error[0m


[7m[1m[31m ERROR [0m [4m[36mtests/file_SyntaxError/file_SyntaxError_1.ml[0m[4m[2m[39m:2 11-17[0m [1m[31m[0m

[2m1 â”† [0m[2m[35mlet[0m[2m[39m () =[0m
[2m[31m2 â”† [0m[2m[39m  [0m[2m[34mI[0m[2m[39m'm glad [0m[4m[1m[31myou're[0m[2m[39m looking at this file =)[0m

This is a syntax error.

Note: the location indicated might not be accurate.


